V3 16
FL /home/dementedearplug/Workspace/ControlerMuxDFF/ControllerIndrMux.vhd 2019/11/04.11:04:14 P.20131013
FL /home/dementedearplug/Workspace/suichin/ControlerMuxDFF/ControllerIndrMux.vhd 2019/11/05.09:58:38 P.20131013
EN work/ControllerMuxDFF 1572962329 \
      FL /home/dementedearplug/Workspace/suichin/ControlerMuxDFF/ControllerIndrMux.vhd \
      PB ieee/std_logic_1164 1381692176
AR work/ControllerMuxDFF/Behavioral 1572962330 \
      FL /home/dementedearplug/Workspace/suichin/ControlerMuxDFF/ControllerIndrMux.vhd \
      EN work/ControllerMuxDFF 1572962329 CP dflipflop CP mux4to1 CP mux8to1
FL /home/dementedearplug/Workspace/suichin/ControlerMuxDFF/dflipflop.vhd 2019/11/04.23:28:51 P.20131013
EN work/dflipflop 1572962323 \
      FL /home/dementedearplug/Workspace/suichin/ControlerMuxDFF/dflipflop.vhd \
      PB ieee/std_logic_1164 1381692176
AR work/dflipflop/Behavioral 1572962324 \
      FL /home/dementedearplug/Workspace/suichin/ControlerMuxDFF/dflipflop.vhd \
      EN work/dflipflop 1572962323
FL /home/dementedearplug/Workspace/suichin/ControlerMuxDFF/mux4to1.vhd 2019/11/05.09:24:20 P.20131013
EN work/mux4to1 1572962325 \
      FL /home/dementedearplug/Workspace/suichin/ControlerMuxDFF/mux4to1.vhd \
      PB ieee/std_logic_1164 1381692176
AR work/mux4to1/Behavioral 1572962326 \
      FL /home/dementedearplug/Workspace/suichin/ControlerMuxDFF/mux4to1.vhd \
      EN work/mux4to1 1572962325
FL /home/dementedearplug/Workspace/suichin/ControlerMuxDFF/mux8to1.vhd 2019/11/05.09:40:07 P.20131013
EN work/mux8to1 1572962327 \
      FL /home/dementedearplug/Workspace/suichin/ControlerMuxDFF/mux8to1.vhd \
      PB ieee/std_logic_1164 1381692176
AR work/mux8to1/Behavioral 1572962328 \
      FL /home/dementedearplug/Workspace/suichin/ControlerMuxDFF/mux8to1.vhd \
      EN work/mux8to1 1572962327
