AR mux behavioral /home/ubuntu/Components/mux.vhd sub00/vhpl03 1571164946
AR logical_components behavioral /home/ubuntu/Components/Logical_Components.vhd sub00/vhpl01 1573078861
EN dflipflop NULL /home/ubuntu/Components/dflipflop.vhd sub00/vhpl08 1573078854
EN systemcontroller NULL /home/ubuntu/Components/systemcontroller.vhd sub00/vhpl10 1573078858
EN logical_components NULL /home/ubuntu/Components/Logical_Components.vhd sub00/vhpl00 1573078860
AR catchingcell behavioral /home/ubuntu/Components/catchingcell.vhd sub00/vhpl05 1570840023
AR dflipflop behavioral /home/ubuntu/Components/dflipflop.vhd sub00/vhpl09 1573078855
AR timer behavioral /home/ubuntu/Components/timer.vhd sub00/vhpl13 1573078857
EN mux NULL /home/ubuntu/Components/mux.vhd sub00/vhpl02 1571164945
AR systemcontroller behavioral /home/ubuntu/Components/systemcontroller.vhd sub00/vhpl11 1573078859
EN controller NULL /home/ubuntu/Components/controller.vhd sub00/vhpl06 1572914645
EN catchingcell NULL /home/ubuntu/Components/catchingcell.vhd sub00/vhpl04 1570840022
AR controller behavioral /home/ubuntu/Components/controller.vhd sub00/vhpl07 1572914646
EN timer NULL /home/ubuntu/Components/timer.vhd sub00/vhpl12 1573078856
