AR mux behavioral /home/ubuntu/Components/mux.vhd sub00/vhpl03 1571164946
AR logical_components behavioral /home/ubuntu/Components/Logical_Components.vhd sub00/vhpl01 1572465039
EN dflipflop NULL /home/ubuntu/Components/dflipflop.vhd sub00/vhpl08 1572464975
EN logical_components NULL /home/ubuntu/Components/Logical_Components.vhd sub00/vhpl00 1572465038
AR catchingcell behavioral /home/ubuntu/Components/catchingcell.vhd sub00/vhpl05 1570840023
AR dflipflop behavioral /home/ubuntu/Components/dflipflop.vhd sub00/vhpl09 1572464976
EN mux NULL /home/ubuntu/Components/mux.vhd sub00/vhpl02 1571164945
EN controller NULL /home/ubuntu/Components/controller.vhd sub00/vhpl06 1572465036
EN catchingcell NULL /home/ubuntu/Components/catchingcell.vhd sub00/vhpl04 1570840022
AR controller behavioral /home/ubuntu/Components/controller.vhd sub00/vhpl07 1572465037
