Release 14.7 - xst P.20131013 (lin64)
Copyright (c) 1995-2013 Xilinx, Inc.  All rights reserved.
--> 
Parameter TMPDIR set to xst/projnav.tmp


Total REAL time to Xst completion: 0.00 secs
Total CPU time to Xst completion: 0.09 secs
 
--> 
Parameter xsthdpdir set to xst


Total REAL time to Xst completion: 0.00 secs
Total CPU time to Xst completion: 0.09 secs
 
--> 
Reading design: HouseAlarm.prj

TABLE OF CONTENTS
  1) Synthesis Options Summary
  2) HDL Compilation
  3) Design Hierarchy Analysis
  4) HDL Analysis
  5) HDL Synthesis
     5.1) HDL Synthesis Report
  6) Advanced HDL Synthesis
     6.1) Advanced HDL Synthesis Report
  7) Low Level Synthesis
  8) Partition Report
  9) Final Report
	9.1) Device utilization summary
	9.2) Partition Resource Summary
	9.3) TIMING REPORT


=========================================================================
*                      Synthesis Options Summary                        *
=========================================================================
---- Source Parameters
Input File Name                    : "HouseAlarm.prj"
Input Format                       : mixed
Ignore Synthesis Constraint File   : NO

---- Target Parameters
Output File Name                   : "HouseAlarm"
Output Format                      : NGC
Target Device                      : xc3s500e-5-fg320

---- Source Options
Top Module Name                    : HouseAlarm
Automatic FSM Extraction           : YES
FSM Encoding Algorithm             : Auto
Safe Implementation                : No
FSM Style                          : LUT
RAM Extraction                     : Yes
RAM Style                          : Auto
ROM Extraction                     : Yes
Mux Style                          : Auto
Decoder Extraction                 : YES
Priority Encoder Extraction        : Yes
Shift Register Extraction          : YES
Logical Shifter Extraction         : YES
XOR Collapsing                     : YES
ROM Style                          : Auto
Mux Extraction                     : Yes
Resource Sharing                   : YES
Asynchronous To Synchronous        : NO
Multiplier Style                   : Auto
Automatic Register Balancing       : No

---- Target Options
Add IO Buffers                     : YES
Global Maximum Fanout              : 100000
Add Generic Clock Buffer(BUFG)     : 24
Register Duplication               : YES
Slice Packing                      : YES
Optimize Instantiated Primitives   : NO
Use Clock Enable                   : Yes
Use Synchronous Set                : Yes
Use Synchronous Reset              : Yes
Pack IO Registers into IOBs        : Auto
Equivalent register Removal        : YES

---- General Options
Optimization Goal                  : Speed
Optimization Effort                : 1
Keep Hierarchy                     : No
Netlist Hierarchy                  : As_Optimized
RTL Output                         : Yes
Global Optimization                : AllClockNets
Read Cores                         : YES
Write Timing Constraints           : NO
Cross Clock Analysis               : NO
Hierarchy Separator                : /
Bus Delimiter                      : <>
Case Specifier                     : Maintain
Slice Utilization Ratio            : 100
BRAM Utilization Ratio             : 100
Verilog 2001                       : YES
Auto BRAM Packing                  : NO
Slice Utilization Ratio Delta      : 5

=========================================================================


=========================================================================
*                          HDL Compilation                              *
=========================================================================
Compiling vhdl file "/home/ubuntu/git/suichin/HouseAlarm/dflipflop.vhd" in Library work.
Architecture behavioral of Entity dflipflop is up to date.
Compiling vhdl file "/home/ubuntu/git/suichin/HouseAlarm/timer.vhd" in Library work.
Entity <timer> compiled.
Entity <timer> (Architecture <behavioral>) compiled.
Compiling vhdl file "/home/ubuntu/git/suichin/HouseAlarm/systemcontroller.vhd" in Library work.
Entity <systemcontroller> compiled.
Entity <systemcontroller> (Architecture <behavioral>) compiled.
Compiling vhdl file "/home/ubuntu/git/suichin/HouseAlarm/HouseAlarm.vhd" in Library work.
Architecture behavioral of Entity housealarm is up to date.

=========================================================================
*                     Design Hierarchy Analysis                         *
=========================================================================
Analyzing hierarchy for entity <HouseAlarm> in library <work> (architecture <behavioral>).

Analyzing hierarchy for entity <systemcontroller> in library <work> (architecture <behavioral>).

Analyzing hierarchy for entity <dflipflop> in library <work> (architecture <behavioral>).

Analyzing hierarchy for entity <timer> in library <work> (architecture <behavioral>).


=========================================================================
*                            HDL Analysis                               *
=========================================================================
Analyzing Entity <HouseAlarm> in library <work> (Architecture <behavioral>).
Entity <HouseAlarm> analyzed. Unit <HouseAlarm> generated.

Analyzing Entity <systemcontroller> in library <work> (Architecture <behavioral>).
Entity <systemcontroller> analyzed. Unit <systemcontroller> generated.

Analyzing Entity <dflipflop> in library <work> (Architecture <behavioral>).
Entity <dflipflop> analyzed. Unit <dflipflop> generated.

Analyzing Entity <timer> in library <work> (Architecture <behavioral>).
Entity <timer> analyzed. Unit <timer> generated.


=========================================================================
*                           HDL Synthesis                               *
=========================================================================

Performing bidirectional port resolution...

Synthesizing Unit <dflipflop>.
    Related source file is "/home/ubuntu/git/suichin/HouseAlarm/dflipflop.vhd".
    Found 1-bit register for signal <Q>.
    Found 1-bit register for signal <nQ>.
    Summary:
	inferred   2 D-type flip-flop(s).
Unit <dflipflop> synthesized.


Synthesizing Unit <timer>.
    Related source file is "/home/ubuntu/git/suichin/HouseAlarm/timer.vhd".
WARNING:Xst:653 - Signal <endlimit> is used but never assigned. This sourceless signal will be automatically connected to value 0010111110101111000010000000.
    Found 1-bit register for signal <endtimer>.
    Found 28-bit register for signal <count>.
    Found 28-bit adder for signal <count$addsub0000> created at line 63.
    Found 28-bit comparator equal for signal <count$cmp_eq0000> created at line 59.
    Found 28-bit comparator not equal for signal <count$cmp_ne0000> created at line 67.
    Found 28-bit subtractor for signal <count$sub0000> created at line 59.
    Found 28-bit subtractor for signal <count$sub0001> created at line 67.
    Found 28-bit up counter for signal <endcount>.
    Found 28-bit comparator equal for signal <endcount$cmp_eq0000> created at line 67.
    Found 28-bit comparator not equal for signal <endtimer$cmp_ne0000> created at line 59.
    Summary:
	inferred   1 Counter(s).
	inferred  29 D-type flip-flop(s).
	inferred   3 Adder/Subtractor(s).
	inferred   4 Comparator(s).
Unit <timer> synthesized.


Synthesizing Unit <systemcontroller>.
    Related source file is "/home/ubuntu/git/suichin/HouseAlarm/systemcontroller.vhd".
WARNING:Xst:653 - Signal <lightsdelay> is used but never assigned. This sourceless signal will be automatically connected to value 0010111110101111000010000000.
WARNING:Xst:653 - Signal <delaylimit> is used but never assigned. This sourceless signal will be automatically connected to value 1110111001101011001010000000.
Unit <systemcontroller> synthesized.


Synthesizing Unit <HouseAlarm>.
    Related source file is "/home/ubuntu/git/suichin/HouseAlarm/HouseAlarm.vhd".
WARNING:Xst:1306 - Output <startdelay> is never assigned.
WARNING:Xst:647 - Input <Da> is never used. This port will be preserved and left unconnected if it belongs to a top-level block or it belongs to a sub-block and the hierarchy of this sub-block is preserved.
WARNING:Xst:647 - Input <switches<6:1>> is never used. This port will be preserved and left unconnected if it belongs to a top-level block or it belongs to a sub-block and the hierarchy of this sub-block is preserved.
WARNING:Xst:647 - Input <doors> is never used. This port will be preserved and left unconnected if it belongs to a top-level block or it belongs to a sub-block and the hierarchy of this sub-block is preserved.
WARNING:Xst:647 - Input <A> is never used. This port will be preserved and left unconnected if it belongs to a top-level block or it belongs to a sub-block and the hierarchy of this sub-block is preserved.
WARNING:Xst:647 - Input <B> is never used. This port will be preserved and left unconnected if it belongs to a top-level block or it belongs to a sub-block and the hierarchy of this sub-block is preserved.
WARNING:Xst:647 - Input <C> is never used. This port will be preserved and left unconnected if it belongs to a top-level block or it belongs to a sub-block and the hierarchy of this sub-block is preserved.
WARNING:Xst:647 - Input <enddelay> is never used. This port will be preserved and left unconnected if it belongs to a top-level block or it belongs to a sub-block and the hierarchy of this sub-block is preserved.
WARNING:Xst:1306 - Output <Qa> is never assigned.
WARNING:Xst:1306 - Output <Qan> is never assigned.
WARNING:Xst:647 - Input <frontdoor> is never used. This port will be preserved and left unconnected if it belongs to a top-level block or it belongs to a sub-block and the hierarchy of this sub-block is preserved.
WARNING:Xst:647 - Input <test> is never used. This port will be preserved and left unconnected if it belongs to a top-level block or it belongs to a sub-block and the hierarchy of this sub-block is preserved.
WARNING:Xst:647 - Input <windows> is never used. This port will be preserved and left unconnected if it belongs to a top-level block or it belongs to a sub-block and the hierarchy of this sub-block is preserved.
WARNING:Xst:647 - Input <arm> is never used. This port will be preserved and left unconnected if it belongs to a top-level block or it belongs to a sub-block and the hierarchy of this sub-block is preserved.
Unit <HouseAlarm> synthesized.


=========================================================================
HDL Synthesis Report

Macro Statistics
# Adders/Subtractors                                   : 6
 28-bit adder                                          : 2
 28-bit subtractor                                     : 4
# Counters                                             : 2
 28-bit up counter                                     : 2
# Registers                                            : 10
 1-bit register                                        : 8
 28-bit register                                       : 2
# Comparators                                          : 8
 28-bit comparator equal                               : 4
 28-bit comparator not equal                           : 4

=========================================================================

=========================================================================
*                       Advanced HDL Synthesis                          *
=========================================================================


=========================================================================
Advanced HDL Synthesis Report

Macro Statistics
# Adders/Subtractors                                   : 6
 28-bit adder                                          : 2
 28-bit subtractor                                     : 4
# Counters                                             : 2
 28-bit up counter                                     : 2
# Registers                                            : 64
 Flip-Flops                                            : 64
# Comparators                                          : 8
 28-bit comparator equal                               : 4
 28-bit comparator not equal                           : 4

=========================================================================

=========================================================================
*                         Low Level Synthesis                           *
=========================================================================

Optimizing unit <HouseAlarm> ...

Optimizing unit <timer> ...

Optimizing unit <systemcontroller> ...
WARNING:Xst:2677 - Node <Inst_controller/Inst_delaytimer/endcount_0> of sequential type is unconnected in block <HouseAlarm>.
WARNING:Xst:2677 - Node <Inst_controller/Inst_delaytimer/endcount_1> of sequential type is unconnected in block <HouseAlarm>.
WARNING:Xst:2677 - Node <Inst_controller/Inst_delaytimer/endcount_2> of sequential type is unconnected in block <HouseAlarm>.
WARNING:Xst:2677 - Node <Inst_controller/Inst_delaytimer/endcount_3> of sequential type is unconnected in block <HouseAlarm>.
WARNING:Xst:2677 - Node <Inst_controller/Inst_delaytimer/endcount_4> of sequential type is unconnected in block <HouseAlarm>.
WARNING:Xst:2677 - Node <Inst_controller/Inst_delaytimer/endcount_5> of sequential type is unconnected in block <HouseAlarm>.
WARNING:Xst:2677 - Node <Inst_controller/Inst_delaytimer/endcount_6> of sequential type is unconnected in block <HouseAlarm>.
WARNING:Xst:2677 - Node <Inst_controller/Inst_delaytimer/endcount_7> of sequential type is unconnected in block <HouseAlarm>.
WARNING:Xst:2677 - Node <Inst_controller/Inst_delaytimer/endcount_8> of sequential type is unconnected in block <HouseAlarm>.
WARNING:Xst:2677 - Node <Inst_controller/Inst_delaytimer/endcount_9> of sequential type is unconnected in block <HouseAlarm>.
WARNING:Xst:2677 - Node <Inst_controller/Inst_delaytimer/endcount_10> of sequential type is unconnected in block <HouseAlarm>.
WARNING:Xst:2677 - Node <Inst_controller/Inst_delaytimer/endcount_11> of sequential type is unconnected in block <HouseAlarm>.
WARNING:Xst:2677 - Node <Inst_controller/Inst_delaytimer/endcount_12> of sequential type is unconnected in block <HouseAlarm>.
WARNING:Xst:2677 - Node <Inst_controller/Inst_delaytimer/endcount_13> of sequential type is unconnected in block <HouseAlarm>.
WARNING:Xst:2677 - Node <Inst_controller/Inst_delaytimer/endcount_14> of sequential type is unconnected in block <HouseAlarm>.
WARNING:Xst:2677 - Node <Inst_controller/Inst_delaytimer/endcount_15> of sequential type is unconnected in block <HouseAlarm>.
WARNING:Xst:2677 - Node <Inst_controller/Inst_delaytimer/endcount_16> of sequential type is unconnected in block <HouseAlarm>.
WARNING:Xst:2677 - Node <Inst_controller/Inst_delaytimer/endcount_17> of sequential type is unconnected in block <HouseAlarm>.
WARNING:Xst:2677 - Node <Inst_controller/Inst_delaytimer/endcount_18> of sequential type is unconnected in block <HouseAlarm>.
WARNING:Xst:2677 - Node <Inst_controller/Inst_delaytimer/endcount_19> of sequential type is unconnected in block <HouseAlarm>.
WARNING:Xst:2677 - Node <Inst_controller/Inst_delaytimer/endcount_20> of sequential type is unconnected in block <HouseAlarm>.
WARNING:Xst:2677 - Node <Inst_controller/Inst_delaytimer/endcount_21> of sequential type is unconnected in block <HouseAlarm>.
WARNING:Xst:2677 - Node <Inst_controller/Inst_delaytimer/endcount_22> of sequential type is unconnected in block <HouseAlarm>.
WARNING:Xst:2677 - Node <Inst_controller/Inst_delaytimer/endcount_23> of sequential type is unconnected in block <HouseAlarm>.
WARNING:Xst:2677 - Node <Inst_controller/Inst_delaytimer/endcount_24> of sequential type is unconnected in block <HouseAlarm>.
WARNING:Xst:2677 - Node <Inst_controller/Inst_delaytimer/endcount_25> of sequential type is unconnected in block <HouseAlarm>.
WARNING:Xst:2677 - Node <Inst_controller/Inst_delaytimer/endcount_26> of sequential type is unconnected in block <HouseAlarm>.
WARNING:Xst:2677 - Node <Inst_controller/Inst_delaytimer/endcount_27> of sequential type is unconnected in block <HouseAlarm>.

Mapping all equations...
Building and optimizing final netlist ...
Found area constraint ratio of 100 (+ 5) on block HouseAlarm, actual ratio is 2.

Final Macro Processing ...

=========================================================================
Final Register Report

Macro Statistics
# Registers                                            : 92
 Flip-Flops                                            : 92

=========================================================================

=========================================================================
*                           Partition Report                            *
=========================================================================

Partition Implementation Status
-------------------------------

  No Partitions were found in this design.

-------------------------------

=========================================================================
*                            Final Report                               *
=========================================================================
Final Results
RTL Top Level Output File Name     : HouseAlarm.ngr
Top Level Output File Name         : HouseAlarm
Output Format                      : NGC
Optimization Goal                  : Speed
Keep Hierarchy                     : No

Design Statistics
# IOs                              : 39

Cell Usage :
# BELS                             : 402
#      GND                         : 1
#      INV                         : 3
#      LUT1                        : 81
#      LUT2                        : 78
#      LUT2_L                      : 2
#      LUT3                        : 6
#      LUT3_D                      : 4
#      LUT4                        : 28
#      LUT4_D                      : 1
#      LUT4_L                      : 4
#      MUXCY                       : 109
#      VCC                         : 1
#      XORCY                       : 84
# FlipFlops/Latches                : 92
#      FD                          : 1
#      FDE                         : 58
#      FDR                         : 3
#      FDRE                        : 28
#      FDS                         : 2
# Clock Buffers                    : 1
#      BUFGP                       : 1
# IO Buffers                       : 19
#      IBUF                        : 5
#      OBUF                        : 14
=========================================================================

Device utilization summary:
---------------------------

Selected Device : 3s500efg320-5 

 Number of Slices:                      109  out of   4656     2%  
 Number of Slice Flip Flops:             92  out of   9312     0%  
 Number of 4 input LUTs:                207  out of   9312     2%  
 Number of IOs:                          39
 Number of bonded IOBs:                  20  out of    232     8%  
 Number of GCLKs:                         1  out of     24     4%  

---------------------------
Partition Resource Summary:
---------------------------

  No Partitions were found in this design.

---------------------------


=========================================================================
TIMING REPORT

NOTE: THESE TIMING NUMBERS ARE ONLY A SYNTHESIS ESTIMATE.
      FOR ACCURATE TIMING INFORMATION PLEASE REFER TO THE TRACE REPORT
      GENERATED AFTER PLACE-and-ROUTE.

Clock Information:
------------------
-----------------------------------+------------------------+-------+
Clock Signal                       | Clock buffer(FF name)  | Load  |
-----------------------------------+------------------------+-------+
CLK                                | BUFGP                  | 92    |
-----------------------------------+------------------------+-------+

Asynchronous Control Signals Information:
----------------------------------------
No asynchronous control signals found in this design

Timing Summary:
---------------
Speed Grade: -5

   Minimum period: 6.162ns (Maximum Frequency: 162.295MHz)
   Minimum input arrival time before clock: 5.519ns
   Maximum output required time after clock: 7.229ns
   Maximum combinational path delay: 4.774ns

Timing Detail:
--------------
All values displayed in nanoseconds (ns)

=========================================================================
Timing constraint: Default period analysis for Clock 'CLK'
  Clock period: 6.162ns (frequency: 162.295MHz)
  Total number of paths / destination ports: 6402 / 208
-------------------------------------------------------------------------
Delay:               6.162ns (Levels of Logic = 16)
  Source:            Inst_controller/Inst_lightsdelay/count_0 (FF)
  Destination:       Inst_controller/Inst_lightsdelay/endcount_0 (FF)
  Source Clock:      CLK rising
  Destination Clock: CLK rising

  Data Path: Inst_controller/Inst_lightsdelay/count_0 to Inst_controller/Inst_lightsdelay/endcount_0
                                Gate     Net
    Cell:in->out      fanout   Delay   Delay  Logical Name (Net Name)
    ----------------------------------------  ------------
     FDE:C->Q              2   0.514   0.532  Inst_controller/Inst_lightsdelay/count_0 (Inst_controller/Inst_lightsdelay/count_0)
     LUT2:I0->O            1   0.612   0.000  Inst_controller/Inst_lightsdelay/Mcompar_count_cmp_eq0000_lut<0>1 (Inst_controller/Inst_lightsdelay/Mcompar_count_cmp_eq0000_lut<0>)
     MUXCY:S->O            1   0.404   0.000  Inst_controller/Inst_lightsdelay/Mcompar_count_cmp_eq0000_cy<0> (Inst_controller/Inst_lightsdelay/Mcompar_count_cmp_eq0000_cy<0>)
     MUXCY:CI->O           1   0.051   0.000  Inst_controller/Inst_lightsdelay/Mcompar_count_cmp_eq0000_cy<1> (Inst_controller/Inst_lightsdelay/Mcompar_count_cmp_eq0000_cy<1>)
     MUXCY:CI->O           1   0.051   0.000  Inst_controller/Inst_lightsdelay/Mcompar_count_cmp_eq0000_cy<2> (Inst_controller/Inst_lightsdelay/Mcompar_count_cmp_eq0000_cy<2>)
     MUXCY:CI->O           1   0.052   0.000  Inst_controller/Inst_lightsdelay/Mcompar_count_cmp_eq0000_cy<3> (Inst_controller/Inst_lightsdelay/Mcompar_count_cmp_eq0000_cy<3>)
     MUXCY:CI->O           1   0.052   0.000  Inst_controller/Inst_lightsdelay/Mcompar_count_cmp_eq0000_cy<4> (Inst_controller/Inst_lightsdelay/Mcompar_count_cmp_eq0000_cy<4>)
     MUXCY:CI->O           1   0.052   0.000  Inst_controller/Inst_lightsdelay/Mcompar_count_cmp_eq0000_cy<5> (Inst_controller/Inst_lightsdelay/Mcompar_count_cmp_eq0000_cy<5>)
     MUXCY:CI->O           1   0.052   0.000  Inst_controller/Inst_lightsdelay/Mcompar_count_cmp_eq0000_cy<6> (Inst_controller/Inst_lightsdelay/Mcompar_count_cmp_eq0000_cy<6>)
     MUXCY:CI->O           1   0.052   0.000  Inst_controller/Inst_lightsdelay/Mcompar_count_cmp_eq0000_cy<7> (Inst_controller/Inst_lightsdelay/Mcompar_count_cmp_eq0000_cy<7>)
     MUXCY:CI->O           1   0.052   0.000  Inst_controller/Inst_lightsdelay/Mcompar_count_cmp_eq0000_cy<8> (Inst_controller/Inst_lightsdelay/Mcompar_count_cmp_eq0000_cy<8>)
     MUXCY:CI->O           1   0.052   0.000  Inst_controller/Inst_lightsdelay/Mcompar_count_cmp_eq0000_cy<9> (Inst_controller/Inst_lightsdelay/Mcompar_count_cmp_eq0000_cy<9>)
     MUXCY:CI->O           1   0.052   0.000  Inst_controller/Inst_lightsdelay/Mcompar_count_cmp_eq0000_cy<10> (Inst_controller/Inst_lightsdelay/Mcompar_count_cmp_eq0000_cy<10>)
     MUXCY:CI->O           1   0.052   0.000  Inst_controller/Inst_lightsdelay/Mcompar_count_cmp_eq0000_cy<11> (Inst_controller/Inst_lightsdelay/Mcompar_count_cmp_eq0000_cy<11>)
     MUXCY:CI->O           1   0.052   0.000  Inst_controller/Inst_lightsdelay/Mcompar_count_cmp_eq0000_cy<12> (Inst_controller/Inst_lightsdelay/Mcompar_count_cmp_eq0000_cy<12>)
     MUXCY:CI->O           3   0.399   0.603  Inst_controller/Inst_lightsdelay/Mcompar_count_cmp_eq0000_cy<13> (Inst_controller/Inst_lightsdelay/Mcompar_count_cmp_eq0000_cy<13>)
     LUT2:I0->O           28   0.612   1.072  Inst_controller/Inst_lightsdelay/endcount_and00001 (Inst_controller/Inst_lightsdelay/endcount_and0000)
     FDRE:R                    0.795          Inst_controller/Inst_lightsdelay/endcount_0
    ----------------------------------------
    Total                      6.162ns (3.955ns logic, 2.207ns route)
                                       (64.2% logic, 35.8% route)

=========================================================================
Timing constraint: Default OFFSET IN BEFORE for Clock 'CLK'
  Total number of paths / destination ports: 28 / 7
-------------------------------------------------------------------------
Offset:              5.519ns (Levels of Logic = 4)
  Source:            switches<7> (PAD)
  Destination:       Inst_controller/Inst_DA/nQ (FF)
  Destination Clock: CLK rising

  Data Path: switches<7> to Inst_controller/Inst_DA/nQ
                                Gate     Net
    Cell:in->out      fanout   Delay   Delay  Logical Name (Net Name)
    ----------------------------------------  ------------
     IBUF:I->O             4   1.106   0.651  switches_7_IBUF (switches_7_IBUF)
     LUT4:I0->O            1   0.612   0.387  Inst_controller/Da15 (Inst_controller/Da15)
     LUT3_D:I2->O          1   0.612   0.387  Inst_controller/Da17 (Inst_controller/Da17)
     LUT4:I2->O            1   0.612   0.357  Inst_controller/Da49 (Inst_controller/Da)
     FDR:R                     0.795          Inst_controller/Inst_DA/nQ
    ----------------------------------------
    Total                      5.519ns (3.737ns logic, 1.782ns route)
                                       (67.7% logic, 32.3% route)

=========================================================================
Timing constraint: Default OFFSET OUT AFTER for Clock 'CLK'
  Total number of paths / destination ports: 35 / 9
-------------------------------------------------------------------------
Offset:              7.229ns (Levels of Logic = 3)
  Source:            Inst_controller/Inst_DB/Q (FF)
  Destination:       LEDs<6> (PAD)
  Source Clock:      CLK rising

  Data Path: Inst_controller/Inst_DB/Q to LEDs<6>
                                Gate     Net
    Cell:in->out      fanout   Delay   Delay  Logical Name (Net Name)
    ----------------------------------------  ------------
     FDS:C->Q              8   0.514   0.795  Inst_controller/Inst_DB/Q (Inst_controller/Inst_DB/Q)
     LUT2:I0->O            3   0.612   0.454  Inst_controller/f5_SW1 (N6)
     LUT4:I3->O           31   0.612   1.073  Inst_controller/f61 (LEDs_6_OBUF)
     OBUF:I->O                 3.169          LEDs_6_OBUF (LEDs<6>)
    ----------------------------------------
    Total                      7.229ns (4.907ns logic, 2.322ns route)
                                       (67.9% logic, 32.1% route)

=========================================================================
Timing constraint: Default path analysis
  Total number of paths / destination ports: 5 / 5
-------------------------------------------------------------------------
Delay:               4.774ns (Levels of Logic = 2)
  Source:            switches<0> (PAD)
  Destination:       LEDs<5> (PAD)

  Data Path: switches<0> to LEDs<5>
                                Gate     Net
    Cell:in->out      fanout   Delay   Delay  Logical Name (Net Name)
    ----------------------------------------  ------------
     IBUF:I->O             4   1.106   0.499  switches_0_IBUF (switches_0_IBUF)
     OBUF:I->O                 3.169          LEDs_5_OBUF (LEDs<5>)
    ----------------------------------------
    Total                      4.774ns (4.275ns logic, 0.499ns route)
                                       (89.5% logic, 10.5% route)

=========================================================================


Total REAL time to Xst completion: 10.00 secs
Total CPU time to Xst completion: 9.47 secs
 
--> 


Total memory usage is 532244 kilobytes

Number of errors   :    0 (   0 filtered)
Number of warnings :   45 (   0 filtered)
Number of infos    :    0 (   0 filtered)

