EN dflipflop NULL /home/ubuntu/git/suichin/HouseAlarm/dflipflop.vhd sub00/vhpl00 1573857801
EN systemcontroller NULL /home/ubuntu/git/suichin/HouseAlarm/systemcontroller.vhd sub00/vhpl04 1573857805
AR dflipflop behavioral /home/ubuntu/git/suichin/HouseAlarm/dflipflop.vhd sub00/vhpl01 1573857802
AR housealarm behavioral /home/ubuntu/git/suichin/HouseAlarm/HouseAlarm.vhd sub00/vhpl07 1573857808
EN housealarm NULL /home/ubuntu/git/suichin/HouseAlarm/HouseAlarm.vhd sub00/vhpl06 1573857807
AR timer behavioral /home/ubuntu/git/suichin/HouseAlarm/timer.vhd sub00/vhpl03 1573857804
AR systemcontroller behavioral /home/ubuntu/git/suichin/HouseAlarm/systemcontroller.vhd sub00/vhpl05 1573857806
EN timer NULL /home/ubuntu/git/suichin/HouseAlarm/timer.vhd sub00/vhpl02 1573857803
