EN dflipflop NULL /home/ubuntu/HouseAlarm/dflipflop.vhd sub00/vhpl00 1573142087
EN systemcontroller NULL /home/ubuntu/HouseAlarm/systemcontroller.vhd sub00/vhpl04 1573142091
AR dflipflop behavioral /home/ubuntu/HouseAlarm/dflipflop.vhd sub00/vhpl01 1573142088
AR housealarm behavioral /home/ubuntu/HouseAlarm/HouseAlarm.vhd sub00/vhpl07 1573142094
EN housealarm NULL /home/ubuntu/HouseAlarm/HouseAlarm.vhd sub00/vhpl06 1573142093
AR timer behavioral /home/ubuntu/HouseAlarm/timer.vhd sub00/vhpl03 1573142090
AR systemcontroller behavioral /home/ubuntu/HouseAlarm/systemcontroller.vhd sub00/vhpl05 1573142092
EN timer NULL /home/ubuntu/HouseAlarm/timer.vhd sub00/vhpl02 1573142089
