EN dflipflop NULL /home/ubuntu/git/suichin/HouseAlarm/dflipflop.vhd sub00/vhpl00 1573150929
EN systemcontroller NULL /home/ubuntu/git/suichin/HouseAlarm/systemcontroller.vhd sub00/vhpl04 1573150933
AR dflipflop behavioral /home/ubuntu/git/suichin/HouseAlarm/dflipflop.vhd sub00/vhpl01 1573150930
AR housealarm behavioral /home/ubuntu/git/suichin/HouseAlarm/HouseAlarm.vhd sub00/vhpl07 1573150936
EN housealarm NULL /home/ubuntu/git/suichin/HouseAlarm/HouseAlarm.vhd sub00/vhpl06 1573150935
AR timer behavioral /home/ubuntu/git/suichin/HouseAlarm/timer.vhd sub00/vhpl03 1573150932
AR systemcontroller behavioral /home/ubuntu/git/suichin/HouseAlarm/systemcontroller.vhd sub00/vhpl05 1573150934
EN timer NULL /home/ubuntu/git/suichin/HouseAlarm/timer.vhd sub00/vhpl02 1573150931
