V3 19
FL /home/ubuntu/git/suichin/HouseAlarm/dflipflop.vhd 2019/11/07.12:21:29 P.20131013
EN work/dflipflop 1573857801 FL /home/ubuntu/git/suichin/HouseAlarm/dflipflop.vhd \
      PB ieee/std_logic_1164 1381692176
AR work/dflipflop/Behavioral 1573857802 \
      FL /home/ubuntu/git/suichin/HouseAlarm/dflipflop.vhd EN work/dflipflop 1573857801
FL /home/ubuntu/git/suichin/HouseAlarm/HouseAlarm.vhd 2019/11/07.15:52:03 P.20131013
EN work/HouseAlarm 1573857807 \
      FL /home/ubuntu/git/suichin/HouseAlarm/HouseAlarm.vhd \
      PB ieee/std_logic_1164 1381692176
AR work/HouseAlarm/Behavioral 1573857808 \
      FL /home/ubuntu/git/suichin/HouseAlarm/HouseAlarm.vhd EN work/HouseAlarm 1573857807 \
      CP systemcontroller
FL /home/ubuntu/git/suichin/HouseAlarm/systemcontroller.vhd 2019/11/15.15:43:57 P.20131013
EN work/systemcontroller 1573857805 \
      FL /home/ubuntu/git/suichin/HouseAlarm/systemcontroller.vhd \
      PB ieee/std_logic_1164 1381692176
AR work/systemcontroller/Behavioral 1573857806 \
      FL /home/ubuntu/git/suichin/HouseAlarm/systemcontroller.vhd \
      EN work/systemcontroller 1573857805 CP dflipflop CP timer
FL /home/ubuntu/git/suichin/HouseAlarm/timer.vhd 2019/11/09.21:47:42 P.20131013
EN work/timer 1573857803 FL /home/ubuntu/git/suichin/HouseAlarm/timer.vhd \
      PB ieee/std_logic_1164 1381692176 PB ieee/STD_LOGIC_UNSIGNED 1381692179
AR work/timer/Behavioral 1573857804 \
      FL /home/ubuntu/git/suichin/HouseAlarm/timer.vhd EN work/timer 1573857803
FL /home/ubuntu/HouseAlarm/dflipflop.vhd 2019/10/09.20:56:56 P.20131013
FL /home/ubuntu/HouseAlarm/HouseAlarm.vhd 2019/11/07.11:53:17 P.20131013
FL /home/ubuntu/HouseAlarm/systemcontroller.vhd 2019/11/06.17:47:15 P.20131013
FL /home/ubuntu/HouseAlarm/timer.vhd 2019/11/06.15:10:32 P.20131013
